// Jest Snapshot v1, https://goo.gl/fbAQLP

exports[`Test Expense list 1`] = `ShallowWrapper {}`;
